------------------------------------------------------------
Timing Analyzer Summary
------------------------------------------------------------

Type  : Setup 'Speed:speed|T_FlipFlop:div4|Q'
Slack : -2.645
TNS   : -8.640

Type  : Setup 'Speed:speed|ClockDivider10:div3|ClockDivider5:DIV2|T_FlipFlop:TFF5|Q'
Slack : -1.777
TNS   : -4.562

Type  : Setup 'Speed:speed|ClockDivider5:div2|T_FlipFlop:TFF5|Q'
Slack : -1.462
TNS   : -2.675

Type  : Setup 'Speed:speed|ClockDivider10:div1|ClockDivider5:DIV1|T_FlipFlop:TFF3|Q'
Slack : 0.198
TNS   : 0.000

Type  : Setup 'Speed:speed|ClockDivider10:div1|ClockDivider5:DIV1|T_FlipFlop:TFF1|Q'
Slack : 0.199
TNS   : 0.000

Type  : Setup 'Speed:speed|ClockDivider10:div1|ClockDivider5:DIV2|T_FlipFlop:TFF3|Q'
Slack : 0.199
TNS   : 0.000

Type  : Setup 'Speed:speed|ClockDivider10:div1|ClockDivider5:DIV2|T_FlipFlop:TFF5|Q'
Slack : 0.199
TNS   : 0.000

Type  : Setup 'Speed:speed|ClockDivider10:div3|ClockDivider5:DIV1|T_FlipFlop:TFF1|Q'
Slack : 0.199
TNS   : 0.000

Type  : Setup 'Speed:speed|ClockDivider10:div3|ClockDivider5:DIV1|T_FlipFlop:TFF4|Q'
Slack : 0.200
TNS   : 0.000

Type  : Setup 'Speed:speed|ClockDivider5:div2|T_FlipFlop:TFF4|Q'
Slack : 0.207
TNS   : 0.000

Type  : Setup 'Speed:speed|ClockDivider5:div2|T_FlipFlop:TFF2|Q'
Slack : 0.209
TNS   : 0.000

Type  : Setup 'Speed:speed|ClockDivider10:div1|ClockDivider5:DIV1|T_FlipFlop:TFF5|Q'
Slack : 0.221
TNS   : 0.000

Type  : Setup 'Speed:speed|ClockDivider10:div3|ClockDivider5:DIV2|T_FlipFlop:TFF1|Q'
Slack : 0.247
TNS   : 0.000

Type  : Setup 'Speed:speed|ClockDivider10:div3|ClockDivider5:DIV2|T_FlipFlop:TFF4|Q'
Slack : 0.467
TNS   : 0.000

Type  : Setup 'Speed:speed|ClockDivider10:div3|ClockDivider5:DIV2|T_FlipFlop:TFF2|Q'
Slack : 0.472
TNS   : 0.000

Type  : Setup 'Speed:speed|ClockDivider10:div3|ClockDivider5:DIV1|T_FlipFlop:TFF3|Q'
Slack : 0.546
TNS   : 0.000

Type  : Setup 'Speed:speed|ClockDivider10:div1|ClockDivider5:DIV2|T_FlipFlop:TFF4|Q'
Slack : 0.566
TNS   : 0.000

Type  : Setup 'Speed:speed|ClockDivider10:div3|ClockDivider5:DIV1|T_FlipFlop:TFF2|Q'
Slack : 0.572
TNS   : 0.000

Type  : Setup 'Speed:speed|ClockDivider10:div1|ClockDivider5:DIV1|T_FlipFlop:TFF2|Q'
Slack : 0.588
TNS   : 0.000

Type  : Setup 'Speed:speed|ClockDivider10:div1|ClockDivider5:DIV1|T_FlipFlop:TFF4|Q'
Slack : 0.600
TNS   : 0.000

Type  : Setup 'Speed:speed|ClockDivider5:div2|T_FlipFlop:TFF1|Q'
Slack : 0.963
TNS   : 0.000

Type  : Setup 'Speed:speed|ClockDivider10:div3|ClockDivider5:DIV1|T_FlipFlop:TFF5|Q'
Slack : 1.110
TNS   : 0.000

Type  : Setup 'Speed:speed|ClockDivider5:div2|T_FlipFlop:TFF3|Q'
Slack : 1.211
TNS   : 0.000

Type  : Setup 'Speed:speed|ClockDivider10:div1|ClockDivider5:DIV2|T_FlipFlop:TFF2|Q'
Slack : 1.336
TNS   : 0.000

Type  : Setup 'Speed:speed|ClockDivider10:div1|ClockDivider5:DIV2|T_FlipFlop:TFF1|Q'
Slack : 1.393
TNS   : 0.000

Type  : Setup 'Speed:speed|ClockDivider10:div3|ClockDivider5:DIV2|T_FlipFlop:TFF3|Q'
Slack : 1.579
TNS   : 0.000

Type  : Setup 'clk'
Slack : 2.946
TNS   : 0.000

Type  : Hold 'clk'
Slack : -3.000
TNS   : -3.000

Type  : Hold 'Speed:speed|ClockDivider5:div2|T_FlipFlop:TFF5|Q'
Slack : -2.657
TNS   : -2.657

Type  : Hold 'Speed:speed|ClockDivider10:div3|ClockDivider5:DIV2|T_FlipFlop:TFF3|Q'
Slack : -1.633
TNS   : -1.633

Type  : Hold 'Speed:speed|ClockDivider10:div1|ClockDivider5:DIV2|T_FlipFlop:TFF1|Q'
Slack : -1.447
TNS   : -1.447

Type  : Hold 'Speed:speed|ClockDivider10:div1|ClockDivider5:DIV2|T_FlipFlop:TFF2|Q'
Slack : -1.390
TNS   : -1.390

Type  : Hold 'Speed:speed|ClockDivider5:div2|T_FlipFlop:TFF3|Q'
Slack : -1.265
TNS   : -1.265

Type  : Hold 'Speed:speed|ClockDivider10:div3|ClockDivider5:DIV1|T_FlipFlop:TFF5|Q'
Slack : -1.164
TNS   : -1.164

Type  : Hold 'Speed:speed|ClockDivider5:div2|T_FlipFlop:TFF1|Q'
Slack : -1.017
TNS   : -1.017

Type  : Hold 'Speed:speed|ClockDivider10:div1|ClockDivider5:DIV1|T_FlipFlop:TFF4|Q'
Slack : -0.654
TNS   : -0.654

Type  : Hold 'Speed:speed|ClockDivider10:div1|ClockDivider5:DIV1|T_FlipFlop:TFF2|Q'
Slack : -0.642
TNS   : -0.642

Type  : Hold 'Speed:speed|ClockDivider10:div3|ClockDivider5:DIV1|T_FlipFlop:TFF2|Q'
Slack : -0.626
TNS   : -0.626

Type  : Hold 'Speed:speed|ClockDivider10:div3|ClockDivider5:DIV2|T_FlipFlop:TFF5|Q'
Slack : -0.623
TNS   : -0.623

Type  : Hold 'Speed:speed|ClockDivider10:div1|ClockDivider5:DIV2|T_FlipFlop:TFF4|Q'
Slack : -0.620
TNS   : -0.620

Type  : Hold 'Speed:speed|ClockDivider10:div3|ClockDivider5:DIV1|T_FlipFlop:TFF3|Q'
Slack : -0.600
TNS   : -0.600

Type  : Hold 'Speed:speed|ClockDivider10:div3|ClockDivider5:DIV2|T_FlipFlop:TFF2|Q'
Slack : -0.526
TNS   : -0.526

Type  : Hold 'Speed:speed|ClockDivider10:div3|ClockDivider5:DIV2|T_FlipFlop:TFF4|Q'
Slack : -0.521
TNS   : -0.521

Type  : Hold 'Speed:speed|ClockDivider10:div3|ClockDivider5:DIV2|T_FlipFlop:TFF1|Q'
Slack : -0.301
TNS   : -0.301

Type  : Hold 'Speed:speed|ClockDivider10:div1|ClockDivider5:DIV1|T_FlipFlop:TFF5|Q'
Slack : -0.275
TNS   : -0.275

Type  : Hold 'Speed:speed|ClockDivider5:div2|T_FlipFlop:TFF2|Q'
Slack : -0.263
TNS   : -0.263

Type  : Hold 'Speed:speed|ClockDivider5:div2|T_FlipFlop:TFF4|Q'
Slack : -0.261
TNS   : -0.261

Type  : Hold 'Speed:speed|ClockDivider10:div3|ClockDivider5:DIV1|T_FlipFlop:TFF4|Q'
Slack : -0.254
TNS   : -0.254

Type  : Hold 'Speed:speed|ClockDivider10:div1|ClockDivider5:DIV1|T_FlipFlop:TFF1|Q'
Slack : -0.253
TNS   : -0.253

Type  : Hold 'Speed:speed|ClockDivider10:div1|ClockDivider5:DIV2|T_FlipFlop:TFF3|Q'
Slack : -0.253
TNS   : -0.253

Type  : Hold 'Speed:speed|ClockDivider10:div1|ClockDivider5:DIV2|T_FlipFlop:TFF5|Q'
Slack : -0.253
TNS   : -0.253

Type  : Hold 'Speed:speed|ClockDivider10:div3|ClockDivider5:DIV1|T_FlipFlop:TFF1|Q'
Slack : -0.253
TNS   : -0.253

Type  : Hold 'Speed:speed|ClockDivider10:div1|ClockDivider5:DIV1|T_FlipFlop:TFF3|Q'
Slack : -0.252
TNS   : -0.252

Type  : Hold 'Speed:speed|T_FlipFlop:div4|Q'
Slack : 1.679
TNS   : 0.000

Type  : Minimum Pulse Width 'clk'
Slack : -2.289
TNS   : -2.289

Type  : Minimum Pulse Width 'Speed:speed|ClockDivider10:div1|ClockDivider5:DIV1|T_FlipFlop:TFF1|Q'
Slack : 0.234
TNS   : 0.000

Type  : Minimum Pulse Width 'Speed:speed|ClockDivider10:div1|ClockDivider5:DIV1|T_FlipFlop:TFF2|Q'
Slack : 0.234
TNS   : 0.000

Type  : Minimum Pulse Width 'Speed:speed|ClockDivider10:div1|ClockDivider5:DIV1|T_FlipFlop:TFF3|Q'
Slack : 0.234
TNS   : 0.000

Type  : Minimum Pulse Width 'Speed:speed|ClockDivider10:div1|ClockDivider5:DIV1|T_FlipFlop:TFF4|Q'
Slack : 0.234
TNS   : 0.000

Type  : Minimum Pulse Width 'Speed:speed|ClockDivider10:div1|ClockDivider5:DIV1|T_FlipFlop:TFF5|Q'
Slack : 0.234
TNS   : 0.000

Type  : Minimum Pulse Width 'Speed:speed|ClockDivider10:div1|ClockDivider5:DIV2|T_FlipFlop:TFF1|Q'
Slack : 0.234
TNS   : 0.000

Type  : Minimum Pulse Width 'Speed:speed|ClockDivider10:div1|ClockDivider5:DIV2|T_FlipFlop:TFF2|Q'
Slack : 0.234
TNS   : 0.000

Type  : Minimum Pulse Width 'Speed:speed|ClockDivider10:div1|ClockDivider5:DIV2|T_FlipFlop:TFF3|Q'
Slack : 0.234
TNS   : 0.000

Type  : Minimum Pulse Width 'Speed:speed|ClockDivider10:div1|ClockDivider5:DIV2|T_FlipFlop:TFF4|Q'
Slack : 0.234
TNS   : 0.000

Type  : Minimum Pulse Width 'Speed:speed|ClockDivider10:div1|ClockDivider5:DIV2|T_FlipFlop:TFF5|Q'
Slack : 0.234
TNS   : 0.000

Type  : Minimum Pulse Width 'Speed:speed|ClockDivider10:div3|ClockDivider5:DIV1|T_FlipFlop:TFF1|Q'
Slack : 0.234
TNS   : 0.000

Type  : Minimum Pulse Width 'Speed:speed|ClockDivider10:div3|ClockDivider5:DIV1|T_FlipFlop:TFF2|Q'
Slack : 0.234
TNS   : 0.000

Type  : Minimum Pulse Width 'Speed:speed|ClockDivider10:div3|ClockDivider5:DIV1|T_FlipFlop:TFF3|Q'
Slack : 0.234
TNS   : 0.000

Type  : Minimum Pulse Width 'Speed:speed|ClockDivider10:div3|ClockDivider5:DIV1|T_FlipFlop:TFF4|Q'
Slack : 0.234
TNS   : 0.000

Type  : Minimum Pulse Width 'Speed:speed|ClockDivider10:div3|ClockDivider5:DIV1|T_FlipFlop:TFF5|Q'
Slack : 0.234
TNS   : 0.000

Type  : Minimum Pulse Width 'Speed:speed|ClockDivider10:div3|ClockDivider5:DIV2|T_FlipFlop:TFF1|Q'
Slack : 0.234
TNS   : 0.000

Type  : Minimum Pulse Width 'Speed:speed|ClockDivider10:div3|ClockDivider5:DIV2|T_FlipFlop:TFF2|Q'
Slack : 0.234
TNS   : 0.000

Type  : Minimum Pulse Width 'Speed:speed|ClockDivider10:div3|ClockDivider5:DIV2|T_FlipFlop:TFF3|Q'
Slack : 0.234
TNS   : 0.000

Type  : Minimum Pulse Width 'Speed:speed|ClockDivider10:div3|ClockDivider5:DIV2|T_FlipFlop:TFF4|Q'
Slack : 0.234
TNS   : 0.000

Type  : Minimum Pulse Width 'Speed:speed|ClockDivider10:div3|ClockDivider5:DIV2|T_FlipFlop:TFF5|Q'
Slack : 0.234
TNS   : 0.000

Type  : Minimum Pulse Width 'Speed:speed|ClockDivider5:div2|T_FlipFlop:TFF1|Q'
Slack : 0.234
TNS   : 0.000

Type  : Minimum Pulse Width 'Speed:speed|ClockDivider5:div2|T_FlipFlop:TFF2|Q'
Slack : 0.234
TNS   : 0.000

Type  : Minimum Pulse Width 'Speed:speed|ClockDivider5:div2|T_FlipFlop:TFF3|Q'
Slack : 0.234
TNS   : 0.000

Type  : Minimum Pulse Width 'Speed:speed|ClockDivider5:div2|T_FlipFlop:TFF4|Q'
Slack : 0.234
TNS   : 0.000

Type  : Minimum Pulse Width 'Speed:speed|ClockDivider5:div2|T_FlipFlop:TFF5|Q'
Slack : 0.234
TNS   : 0.000

Type  : Minimum Pulse Width 'Speed:speed|T_FlipFlop:div4|Q'
Slack : 0.234
TNS   : 0.000

------------------------------------------------------------
